C:/Users/ronik/Programming/WARG/efs-can-sensor-clustor/Drivers/acconeer_cortex_m4_gcc/algorithms/acc_alg_basic_utils.h:38:22:acc_alg_basic_utils_calculate_length_of_bitarray_uint32	16	static
C:/Users/ronik/Programming/WARG/efs-can-sensor-clustor/Drivers/acconeer_cortex_m4_gcc/algorithms/acc_alg_basic_utils.h:49:20:acc_alg_basic_utils_set_bit_bitarray_uint32	16	static
C:/Users/ronik/Programming/WARG/efs-can-sensor-clustor/Drivers/acconeer_cortex_m4_gcc/algorithms/acc_alg_basic_utils.h:60:20:acc_alg_basic_utils_clear_bit_bitarray_uint32	16	static
../Drivers/acconeer_cortex_m4_gcc/use_cases/example_apps/example_surface_velocity.c:202:5:acc_example_surface_velocity	272	static
../Drivers/acconeer_cortex_m4_gcc/use_cases/example_apps/example_surface_velocity.c:296:13:update_threshold	40	static
../Drivers/acconeer_cortex_m4_gcc/use_cases/example_apps/example_surface_velocity.c:319:13:get_velocity_estimate	56	static
../Drivers/acconeer_cortex_m4_gcc/use_cases/example_apps/example_surface_velocity.c:347:7:get_angle_correction	24	static
../Drivers/acconeer_cortex_m4_gcc/use_cases/example_apps/example_surface_velocity.c:355:13:cleanup	16	static
../Drivers/acconeer_cortex_m4_gcc/use_cases/example_apps/example_surface_velocity.c:456:13:set_profile	48	static
../Drivers/acconeer_cortex_m4_gcc/use_cases/example_apps/example_surface_velocity.c:470:13:set_prf	32	static
../Drivers/acconeer_cortex_m4_gcc/use_cases/example_apps/example_surface_velocity.c:479:13:set_config	16	static
../Drivers/acconeer_cortex_m4_gcc/use_cases/example_apps/example_surface_velocity.c:506:13:validate_config	32	static
../Drivers/acconeer_cortex_m4_gcc/use_cases/example_apps/example_surface_velocity.c:541:13:do_sensor_calibration_and_prepare	232	static
../Drivers/acconeer_cortex_m4_gcc/use_cases/example_apps/example_surface_velocity.c:578:13:init_sensor_resources	16	static
../Drivers/acconeer_cortex_m4_gcc/use_cases/example_apps/example_surface_velocity.c:621:13:init_handle	40	static
../Drivers/acconeer_cortex_m4_gcc/use_cases/example_apps/example_surface_velocity.c:756:13:measure	16	static
../Drivers/acconeer_cortex_m4_gcc/use_cases/example_apps/example_surface_velocity.c:790:17:calc_power_spectral_density	80	static
../Drivers/acconeer_cortex_m4_gcc/use_cases/example_apps/example_surface_velocity.c:850:13:process	64	static
../Drivers/acconeer_cortex_m4_gcc/use_cases/example_apps/example_surface_velocity.c:951:13:print_result	32	static
../Drivers/acconeer_cortex_m4_gcc/use_cases/example_apps/example_surface_velocity.c:958:14:get_perceived_wavelength	24	static
../Drivers/acconeer_cortex_m4_gcc/use_cases/example_apps/example_surface_velocity.c:974:14:calc_dynamic_smoothing_factor	16	static
