../Drivers/acconeer_cortex_m4_gcc/use_cases/example_apps/example_waste_level.c:147:27:waste_level_app_config_create	16	static
../Drivers/acconeer_cortex_m4_gcc/use_cases/example_apps/example_waste_level.c:166:6:waste_level_app_config_destroy	16	static
../Drivers/acconeer_cortex_m4_gcc/use_cases/example_apps/example_waste_level.c:179:6:waste_level_app_config_set_preset	24	static
../Drivers/acconeer_cortex_m4_gcc/use_cases/example_apps/example_waste_level.c:217:23:waste_level_handle_create	32	static
../Drivers/acconeer_cortex_m4_gcc/use_cases/example_apps/example_waste_level.c:257:6:waste_level_handle_destroy	16	static
../Drivers/acconeer_cortex_m4_gcc/use_cases/example_apps/example_waste_level.c:275:6:waste_level_process	112	static
../Drivers/acconeer_cortex_m4_gcc/use_cases/example_apps/example_waste_level.c:354:6:waste_level_processing_config_log	16	static
../Drivers/acconeer_cortex_m4_gcc/use_cases/example_apps/example_waste_level.c:364:13:validate_app_config	40	static
../Drivers/acconeer_cortex_m4_gcc/use_cases/example_apps/example_waste_level.c:452:13:subsweep_start_points_strictly_increases	32	static
../Drivers/acconeer_cortex_m4_gcc/use_cases/example_apps/example_waste_level.c:473:13:has_overlapping_subsweeps	32	static
../Drivers/acconeer_cortex_m4_gcc/use_cases/example_apps/example_waste_level.c:494:13:is_invalid_start_point	24	static
../Drivers/acconeer_cortex_m4_gcc/use_cases/example_apps/example_waste_level.c:503:13:is_outside_measuring_interval	40	static
../Drivers/acconeer_cortex_m4_gcc/use_cases/example_apps/example_waste_level.c:529:14:subsweep_approx_start_m	24	static
../Drivers/acconeer_cortex_m4_gcc/use_cases/example_apps/example_waste_level.c:537:14:subsweep_approx_end_m	24	static
../Drivers/acconeer_cortex_m4_gcc/use_cases/example_apps/example_waste_level.c:545:14:point_in_sweep_to_distance_m	48	static
../Drivers/acconeer_cortex_m4_gcc/use_cases/example_apps/example_waste_level.c:568:13:write_to_ring_buffer	32	static
../Drivers/acconeer_cortex_m4_gcc/use_cases/example_apps/example_waste_level.c:580:17:copy_non_nan_floats	32	static
../Drivers/acconeer_cortex_m4_gcc/use_cases/example_apps/example_waste_level.c:596:13:set_level_numbers	48	static
