../Drivers/STM32L4xx_HAL_Driver/Src/stm32l4xx_hal_can.c:507:13:HAL_CAN_MspInit	0	static
../Drivers/STM32L4xx_HAL_Driver/Src/stm32l4xx_hal_can.c:275:19:HAL_CAN_Init	16	static
../Drivers/STM32L4xx_HAL_Driver/Src/stm32l4xx_hal_can.c:523:13:HAL_CAN_MspDeInit	0	static
../Drivers/STM32L4xx_HAL_Driver/Src/stm32l4xx_hal_can.c:840:19:HAL_CAN_ConfigFilter	16	static
../Drivers/STM32L4xx_HAL_Driver/Src/stm32l4xx_hal_can.c:1006:19:HAL_CAN_Start	16	static
../Drivers/STM32L4xx_HAL_Driver/Src/stm32l4xx_hal_can.c:1058:19:HAL_CAN_Stop	16	static
../Drivers/STM32L4xx_HAL_Driver/Src/stm32l4xx_hal_can.c:460:19:HAL_CAN_DeInit	8	static
../Drivers/STM32L4xx_HAL_Driver/Src/stm32l4xx_hal_can.c:1113:19:HAL_CAN_RequestSleep	0	static
../Drivers/STM32L4xx_HAL_Driver/Src/stm32l4xx_hal_can.c:1144:19:HAL_CAN_WakeUp	16	static
../Drivers/STM32L4xx_HAL_Driver/Src/stm32l4xx_hal_can.c:1191:10:HAL_CAN_IsSleepActive	0	static
../Drivers/STM32L4xx_HAL_Driver/Src/stm32l4xx_hal_can.c:1222:19:HAL_CAN_AddTxMessage	20	static
../Drivers/STM32L4xx_HAL_Driver/Src/stm32l4xx_hal_can.c:1322:19:HAL_CAN_AbortTxRequest	0	static
../Drivers/STM32L4xx_HAL_Driver/Src/stm32l4xx_hal_can.c:1371:10:HAL_CAN_GetTxMailboxesFreeLevel	0	static
../Drivers/STM32L4xx_HAL_Driver/Src/stm32l4xx_hal_can.c:1414:10:HAL_CAN_IsTxMessagePending	0	static
../Drivers/STM32L4xx_HAL_Driver/Src/stm32l4xx_hal_can.c:1446:10:HAL_CAN_GetTxTimestamp	0	static,ignoring_inline_asm
../Drivers/STM32L4xx_HAL_Driver/Src/stm32l4xx_hal_can.c:1480:19:HAL_CAN_GetRxMessage	20	static
../Drivers/STM32L4xx_HAL_Driver/Src/stm32l4xx_hal_can.c:1580:10:HAL_CAN_GetRxFifoFillLevel	0	static
../Drivers/STM32L4xx_HAL_Driver/Src/stm32l4xx_hal_can.c:1633:19:HAL_CAN_ActivateNotification	0	static
../Drivers/STM32L4xx_HAL_Driver/Src/stm32l4xx_hal_can.c:1666:19:HAL_CAN_DeactivateNotification	0	static
../Drivers/STM32L4xx_HAL_Driver/Src/stm32l4xx_hal_can.c:2108:13:HAL_CAN_TxMailbox0CompleteCallback	0	static
../Drivers/STM32L4xx_HAL_Driver/Src/stm32l4xx_hal_can.c:2125:13:HAL_CAN_TxMailbox1CompleteCallback	0	static
../Drivers/STM32L4xx_HAL_Driver/Src/stm32l4xx_hal_can.c:2142:13:HAL_CAN_TxMailbox2CompleteCallback	0	static
../Drivers/STM32L4xx_HAL_Driver/Src/stm32l4xx_hal_can.c:2159:13:HAL_CAN_TxMailbox0AbortCallback	0	static
../Drivers/STM32L4xx_HAL_Driver/Src/stm32l4xx_hal_can.c:2176:13:HAL_CAN_TxMailbox1AbortCallback	0	static
../Drivers/STM32L4xx_HAL_Driver/Src/stm32l4xx_hal_can.c:2193:13:HAL_CAN_TxMailbox2AbortCallback	0	static
../Drivers/STM32L4xx_HAL_Driver/Src/stm32l4xx_hal_can.c:2210:13:HAL_CAN_RxFifo0MsgPendingCallback	0	static
../Drivers/STM32L4xx_HAL_Driver/Src/stm32l4xx_hal_can.c:2227:13:HAL_CAN_RxFifo0FullCallback	0	static
../Drivers/STM32L4xx_HAL_Driver/Src/stm32l4xx_hal_can.c:2244:13:HAL_CAN_RxFifo1MsgPendingCallback	0	static
../Drivers/STM32L4xx_HAL_Driver/Src/stm32l4xx_hal_can.c:2261:13:HAL_CAN_RxFifo1FullCallback	0	static
../Drivers/STM32L4xx_HAL_Driver/Src/stm32l4xx_hal_can.c:2278:13:HAL_CAN_SleepCallback	0	static
../Drivers/STM32L4xx_HAL_Driver/Src/stm32l4xx_hal_can.c:2294:13:HAL_CAN_WakeUpFromRxMsgCallback	0	static
../Drivers/STM32L4xx_HAL_Driver/Src/stm32l4xx_hal_can.c:2311:13:HAL_CAN_ErrorCallback	0	static
../Drivers/STM32L4xx_HAL_Driver/Src/stm32l4xx_hal_can.c:1697:6:HAL_CAN_IRQHandler	40	static
../Drivers/STM32L4xx_HAL_Driver/Src/stm32l4xx_hal_can.c:2348:22:HAL_CAN_GetState	0	static
../Drivers/STM32L4xx_HAL_Driver/Src/stm32l4xx_hal_can.c:2383:10:HAL_CAN_GetError	0	static
../Drivers/STM32L4xx_HAL_Driver/Src/stm32l4xx_hal_can.c:2395:19:HAL_CAN_ResetError	0	static
