../Drivers/acconeer_cortex_m4_gcc/use_cases/reference_apps/ref_app_parking.c:187:6:ref_app_parking_set_config	16	static
../Drivers/acconeer_cortex_m4_gcc/use_cases/reference_apps/ref_app_parking.c:238:27:ref_app_parking_handle_create	32	static
../Drivers/acconeer_cortex_m4_gcc/use_cases/reference_apps/ref_app_parking.c:270:6:ref_app_parking_handle_destroy	16	static
../Drivers/acconeer_cortex_m4_gcc/use_cases/reference_apps/ref_app_parking.c:341:6:ref_app_parking_sensor_calibration	48	static
../Drivers/acconeer_cortex_m4_gcc/use_cases/reference_apps/ref_app_parking.c:376:6:ref_app_parking_noise_calibration	56	static
../Drivers/acconeer_cortex_m4_gcc/use_cases/reference_apps/ref_app_parking.c:431:6:ref_app_parking_obstruction_calibration	80	static
../Drivers/acconeer_cortex_m4_gcc/use_cases/reference_apps/ref_app_parking.c:519:6:ref_app_parking_sensor_prepare	32	static
../Drivers/acconeer_cortex_m4_gcc/use_cases/reference_apps/ref_app_parking.c:530:6:ref_app_parking_measure	16	static
../Drivers/acconeer_cortex_m4_gcc/use_cases/reference_apps/ref_app_parking.c:557:6:ref_app_parking_handle_indications	40	static
../Drivers/acconeer_cortex_m4_gcc/use_cases/reference_apps/ref_app_parking.c:608:6:ref_app_parking_obstruction_process	96	static
../Drivers/acconeer_cortex_m4_gcc/use_cases/reference_apps/ref_app_parking.c:653:6:ref_app_parking_process	72	static
../Drivers/acconeer_cortex_m4_gcc/use_cases/reference_apps/ref_app_parking.c:703:13:set_sensor_config	56	static
../Drivers/acconeer_cortex_m4_gcc/use_cases/reference_apps/ref_app_parking.c:773:13:log_config	24	static
../Drivers/acconeer_cortex_m4_gcc/use_cases/reference_apps/ref_app_parking.c:822:13:allocate_application_resources	32	static
../Drivers/acconeer_cortex_m4_gcc/use_cases/reference_apps/ref_app_parking.c:909:13:initialize_application_resources	56	static
../Drivers/acconeer_cortex_m4_gcc/use_cases/reference_apps/ref_app_parking.c:956:17:get_measure_timeout_ms	16	static
../Drivers/acconeer_cortex_m4_gcc/use_cases/reference_apps/ref_app_parking.c:961:14:noise_process	56	static
../Drivers/acconeer_cortex_m4_gcc/use_cases/reference_apps/ref_app_parking.c:987:14:obstruction_noise	24	static
../Drivers/acconeer_cortex_m4_gcc/use_cases/reference_apps/ref_app_parking.c:1002:13:obstruction_signature	48	static
../Drivers/acconeer_cortex_m4_gcc/use_cases/reference_apps/ref_app_parking.c:1022:13:car_signature	24	static
../Drivers/acconeer_cortex_m4_gcc/use_cases/reference_apps/ref_app_parking.c:1028:13:objects_present	32	static
../Drivers/acconeer_cortex_m4_gcc/use_cases/reference_apps/ref_app_parking.c:1047:13:same_objects	48	static
../Drivers/acconeer_cortex_m4_gcc/use_cases/reference_apps/ref_app_parking.c:1106:12:compare_signature	24	static
