../Core/Src/canard.c:1124:26:dlcToDataLength	0	static
../Core/Src/canard.c:1281:22:pushTxQueue	28	static
../Core/Src/canard.c:1653:6:copyBitArray	32	static
../Core/Src/canard.c:1845:26:crcAddByte	0	static
../Core/Src/canard.c:1871:26:crcAdd	16	static
../Core/Src/canard.c:1907:23:allocateBlock	0	static
../Core/Src/canard.c:1505:32:createRxState	48	static
../Core/Src/canard.c:289:26:calculateCRC	32	static
../Core/Src/canard.c:1523:26:releaseStatePayload.isra	8	static
../Core/Src/canard.c:1543:25:bufferBlockPushBytes	48	static
../Core/Src/canard.c:1166:25:enqueueTxFrames	48	static
../Core/Src/canard.c:68:6:canardInit	24	static
../Core/Src/canard.c:105:7:canardGetUserReference	0	static
../Core/Src/canard.c:111:6:canardSetLocalNodeID	0	static
../Core/Src/canard.c:127:9:canardGetLocalNodeID	0	static
../Core/Src/canard.c:132:6:canardForgetLocalNodeID	0	static
../Core/Src/canard.c:136:6:canardInitTxTransfer	0	static
../Core/Src/canard.c:183:9:canardBroadcastObj	24	static
../Core/Src/canard.c:143:9:canardBroadcast	56	static
../Core/Src/canard.c:356:9:canardRequestOrRespondObj	24	static
../Core/Src/canard.c:315:9:canardRequestOrRespond	56	static
../Core/Src/canard.c:388:17:canardPeekTxQueue	0	static
../Core/Src/canard.c:397:6:canardPopTxQueue	0	static
../Core/Src/canard.c:677:6:canardCleanupStaleTransfers	32	static
../Core/Src/canard.c:744:9:canardDecodeScalar	80	static
../Core/Src/canard.c:919:6:canardEncodeScalar	32	static
../Core/Src/canard.c:1011:6:canardReleaseRxTransferPayload	8	static
../Core/Src/canard.c:1026:31:canardGetPoolAllocatorStatistics	0	static
../Core/Src/canard.c:1031:10:canardConvertNativeFloatToFloat16	8	static
../Core/Src/canard.c:1075:7:canardConvertFloat16ToNativeFloat	0	static
../Core/Src/canard.c:1418:20:extractTransferType	0	static
../Core/Src/canard.c:1398:10:extractDataType	8	static
../Core/Src/canard.c:404:9:canardHandleRxFrame	128	static
