../Core/Src/canard.c:68:6:canardInit	32	static
../Core/Src/canard.c:105:7:canardGetUserReference	16	static
../Core/Src/canard.c:111:6:canardSetLocalNodeID	16	static
../Core/Src/canard.c:127:9:canardGetLocalNodeID	16	static
../Core/Src/canard.c:132:6:canardForgetLocalNodeID	16	static
../Core/Src/canard.c:136:6:canardInitTxTransfer	16	static
../Core/Src/canard.c:143:9:canardBroadcast	64	static
../Core/Src/canard.c:183:9:canardBroadcastObj	40	static
../Core/Src/canard.c:237:36:canardBufferFromIdx	16	static
../Core/Src/canard.c:250:37:canardBufferToIdx	16	static
../Core/Src/canard.c:263:32:canardRxFromIdx	16	static
../Core/Src/canard.c:276:37:canardRxToIdx	16	static
../Core/Src/canard.c:289:26:calculateCRC	24	static
../Core/Src/canard.c:315:9:canardRequestOrRespond	64	static
../Core/Src/canard.c:356:9:canardRequestOrRespondObj	40	static
../Core/Src/canard.c:388:17:canardPeekTxQueue	16	static
../Core/Src/canard.c:397:6:canardPopTxQueue	24	static
../Core/Src/canard.c:404:9:canardHandleRxFrame	152	static
../Core/Src/canard.c:677:6:canardCleanupStaleTransfers	40	static
../Core/Src/canard.c:744:9:canardDecodeScalar	88	static
../Core/Src/canard.c:919:6:canardEncodeScalar	48	static
../Core/Src/canard.c:1011:6:canardReleaseRxTransferPayload	24	static
../Core/Src/canard.c:1026:31:canardGetPoolAllocatorStatistics	16	static
../Core/Src/canard.c:1031:10:canardConvertNativeFloatToFloat16	48	static
../Core/Src/canard.c:1075:7:canardConvertFloat16ToNativeFloat	32	static
../Core/Src/canard.c:1103:25:computeTransferIDForwardDistance	24	static
../Core/Src/canard.c:1113:22:incrementTransferID	16	static
../Core/Src/canard.c:1124:26:dlcToDataLength	16	static
../Core/Src/canard.c:1147:26:dataLengthToDlc	16	static
../Core/Src/canard.c:1166:25:enqueueTxFrames	48	static
../Core/Src/canard.c:1281:22:pushTxQueue	24	static
../Core/Src/canard.c:1330:36:createTxItem	24	static
../Core/Src/canard.c:1344:22:isPriorityHigher	40	static
../Core/Src/canard.c:1387:22:prepareForNextTransfer	16	static
../Core/Src/canard.c:1398:10:extractDataType	24	static
../Core/Src/canard.c:1418:20:extractTransferType	24	static
../Core/Src/canard.c:1443:32:traverseRxStates	24	static
../Core/Src/canard.c:1474:32:findRxState	24	static
../Core/Src/canard.c:1491:32:prependRxState	24	static
../Core/Src/canard.c:1505:32:createRxState	56	static
../Core/Src/canard.c:1523:26:releaseStatePayload	24	static
../Core/Src/canard.c:1543:25:bufferBlockPushBytes	48	static
../Core/Src/canard.c:1639:36:createBufferBlock	24	static
../Core/Src/canard.c:1653:6:copyBitArray	40	static
../Core/Src/canard.c:1697:25:descatterTransferPayload	72	static
../Core/Src/canard.c:1800:22:isBigEndian	16	static
../Core/Src/canard.c:1823:22:swapByteOrder	32	static
../Core/Src/canard.c:1845:26:crcAddByte	24	static
../Core/Src/canard.c:1862:26:crcAddSignature	48	static
../Core/Src/canard.c:1871:26:crcAdd	24	static
../Core/Src/canard.c:1883:22:initPoolAllocator	40	static
../Core/Src/canard.c:1907:23:allocateBlock	24	static
../Core/Src/canard.c:1937:22:freeBlock	24	static
