../Drivers/acconeer_cortex_m4_gcc/integration/acc_integration_stm32.c:15:6:acc_integration_sleep_ms	16	static
../Drivers/acconeer_cortex_m4_gcc/integration/acc_integration_stm32.c:20:6:acc_integration_sleep_us	24	static
../Drivers/acconeer_cortex_m4_gcc/integration/acc_integration_stm32.c:27:10:acc_integration_get_time	8	static
../Drivers/acconeer_cortex_m4_gcc/integration/acc_integration_stm32.c:32:7:acc_integration_mem_alloc	16	static
../Drivers/acconeer_cortex_m4_gcc/integration/acc_integration_stm32.c:37:7:acc_integration_mem_calloc	16	static
../Drivers/acconeer_cortex_m4_gcc/integration/acc_integration_stm32.c:42:6:acc_integration_mem_free	16	static
